\BOOKMARK [1][-]{section.1}{\376\377\000I\000n\000t\000r\000o\000d\000u\000c\000t\000i\000o\000n}{}% 1
\BOOKMARK [1][-]{section.2}{\376\377\000L\000i\000t\000e\000r\000a\000t\000u\000r\000e\000\040\000R\000e\000v\000i\000e\000w\000\040\000a\000n\000d\000\040\000M\000e\000t\000h\000o\000d\000o\000l\000o\000g\000i\000c\000a\000l\000\040\000C\000o\000n\000t\000e\000x\000t}{}% 2
\BOOKMARK [1][-]{section.3}{\376\377\000D\000a\000t\000a\000\040\000a\000n\000d\000\040\000t\000h\000e\000\040\000R\000e\000v\000i\000s\000i\000o\000n\000\040\000P\000r\000o\000c\000e\000s\000s}{}% 3
\BOOKMARK [2][-]{subsection.3.1}{\376\377\000C\000N\000T\000R\000\040\000V\000i\000n\000t\000a\000g\000e\000\040\000D\000a\000t\000a\000s\000e\000t}{section.3}% 4
\BOOKMARK [2][-]{subsection.3.2}{\376\377\000R\000e\000p\000l\000i\000c\000a\000t\000i\000o\000n\000\040\000a\000n\000d\000\040\000E\000x\000t\000e\000n\000s\000i\000o\000n\000\040\000o\000f\000\040\000P\000a\000v\000\355\000a\000\040\000e\000t\000\040\000a\000l\000.\000\040\000\050\0002\0000\0001\0008\000\051}{section.3}% 5
\BOOKMARK [2][-]{subsection.3.3}{\376\377\000F\000o\000r\000e\000c\000a\000s\000t\000\040\000E\000n\000s\000e\000m\000b\000l\000e\000\040\000a\000n\000d\000\040\000P\000r\000e\000d\000i\000c\000t\000o\000r\000\040\000V\000a\000r\000i\000a\000b\000l\000e\000s}{section.3}% 6
\BOOKMARK [1][-]{section.4}{\376\377\000T\000h\000e\000\040\000R\000e\000a\000l\000-\000T\000i\000m\000e\000\040\000U\000n\000c\000e\000r\000t\000a\000i\000n\000t\000y\000\040\000I\000n\000d\000e\000x}{}% 7
\BOOKMARK [2][-]{subsection.4.1}{\376\377\000T\000h\000e\000\040\000C\000o\000m\000p\000o\000s\000i\000t\000e\000\040\000E\000c\000o\000n\000o\000m\000i\000c\000\040\000U\000n\000c\000e\000r\000t\000a\000i\000n\000t\000y\000\040\000I\000n\000d\000e\000x\000\040\000\050\000C\000E\000U\000I\000\051}{section.4}% 8
\BOOKMARK [1][-]{section.5}{\376\377\000C\000o\000r\000r\000e\000l\000a\000t\000i\000o\000n\000\040\000o\000f\000\040\000t\000h\000e\000\040\000C\000E\000U\000I\000\040\000w\000i\000t\000h\000\040\000R\000e\000v\000i\000s\000i\000o\000n\000\040\000V\000o\000l\000a\000t\000i\000l\000i\000t\000y}{}% 9
\BOOKMARK [1][-]{section.6}{\376\377\000R\000o\000b\000u\000s\000t\000n\000e\000s\000s\000\040\000C\000h\000e\000c\000k\000s}{}% 10
\BOOKMARK [1][-]{section.7}{\376\377\000D\000i\000s\000c\000u\000s\000s\000i\000o\000n}{}% 11
\BOOKMARK [1][-]{section.8}{\376\377\000C\000o\000n\000c\000l\000u\000s\000i\000o\000n}{}% 12
\BOOKMARK [1][-]{appendix.A}{\376\377\000I\000n\000f\000o\000r\000m\000a\000t\000i\000o\000n\000-\000T\000h\000e\000o\000r\000e\000t\000i\000c\000\040\000F\000o\000u\000n\000d\000a\000t\000i\000o\000n\000s}{}% 13
\BOOKMARK [1][-]{appendix.B}{\376\377\000U\000n\000c\000e\000r\000t\000a\000i\000n\000t\000y\000\040\000R\000e\000g\000i\000m\000e\000s}{}% 14
\BOOKMARK [1][-]{appendix.C}{\376\377\000M\000o\000d\000e\000l\000\040\000S\000p\000e\000c\000i\000f\000i\000c\000a\000t\000i\000o\000n\000s\000\040\000a\000n\000d\000\040\000R\000e\000s\000i\000l\000i\000e\000n\000c\000e}{}% 15
\BOOKMARK [1][-]{appendix.D}{\376\377\000I\000n\000f\000l\000u\000e\000n\000c\000e\000\040\000D\000i\000a\000g\000n\000o\000s\000t\000i\000c\000s}{}% 16
\BOOKMARK [1][-]{appendix.E}{\376\377\000V\000A\000R\000\040\000S\000p\000e\000c\000i\000f\000i\000c\000a\000t\000i\000o\000n\000\040\000R\000o\000b\000u\000s\000t\000n\000e\000s\000s}{}% 17
\BOOKMARK [1][-]{appendix.F}{\376\377\000V\000i\000n\000t\000a\000g\000e\000\040\000M\000a\000t\000u\000r\000i\000t\000y\000\040\000C\000o\000n\000t\000r\000o\000l}{}% 18
\BOOKMARK [1][-]{appendix.G}{\376\377\000C\000o\000r\000r\000e\000l\000a\000t\000i\000o\000n\000\040\000M\000a\000t\000r\000i\000x}{}% 19
\BOOKMARK [1][-]{appendix.H}{\376\377\000R\000o\000b\000u\000s\000t\000n\000e\000s\000s\000\040\000t\000o\000\040\000A\000l\000t\000e\000r\000n\000a\000t\000i\000v\000e\000\040\000G\000D\000P\000\040\000G\000r\000o\000w\000t\000h\000\040\000S\000p\000e\000c\000i\000f\000i\000c\000a\000t\000i\000o\000n\000s\000\040\000\050\000Q\000o\000Q\000\051}{}% 20
\BOOKMARK [1][-]{appendix.I}{\376\377\000R\000o\000b\000u\000s\000t\000n\000e\000s\000s\000\040\000t\000o\000\040\000I\000n\000-\000S\000a\000m\000p\000l\000e\000\040\000W\000i\000t\000h\000i\000n\000-\000M\000o\000d\000e\000l\000\040\000U\000n\000c\000e\000r\000t\000a\000i\000n\000t\000y}{}% 21
