\BOOKMARK [1][-]{section.1}{\376\377\000I\000n\000t\000r\000o\000d\000u\000c\000t\000i\000o\000n}{}% 1
\BOOKMARK [1][-]{section.2}{\376\377\000L\000i\000t\000e\000r\000a\000t\000u\000r\000e\000\040\000R\000e\000v\000i\000e\000w\000\040\000a\000n\000d\000\040\000M\000e\000t\000h\000o\000d\000o\000l\000o\000g\000i\000c\000a\000l\000\040\000C\000o\000n\000t\000e\000x\000t}{}% 2
\BOOKMARK [2][-]{subsection.2.1}{\376\377\000T\000h\000e\000\040\000Q\000u\000a\000l\000i\000t\000y\000\040\000o\000f\000\040\000O\000f\000f\000i\000c\000i\000a\000l\000\040\000S\000t\000a\000t\000i\000s\000t\000i\000c\000s\000\040\000a\000n\000d\000\040\000D\000a\000t\000a\000\040\000R\000e\000v\000i\000s\000i\000o\000n\000s}{section.2}% 3
\BOOKMARK [2][-]{subsection.2.2}{\376\377\000E\000c\000o\000n\000o\000m\000i\000c\000\040\000U\000n\000c\000e\000r\000t\000a\000i\000n\000t\000y\000\040\000a\000n\000d\000\040\000t\000h\000e\000\040\000I\000n\000f\000o\000r\000m\000a\000t\000i\000o\000n\000a\000l\000\040\000E\000n\000v\000i\000r\000o\000n\000m\000e\000n\000t}{section.2}% 4
\BOOKMARK [2][-]{subsection.2.3}{\376\377\000T\000h\000e\000\040\000M\000i\000s\000s\000i\000n\000g\000\040\000L\000i\000n\000k\000:\000\040\000U\000n\000c\000e\000r\000t\000a\000i\000n\000t\000y\000\040\000a\000n\000d\000\040\000R\000e\000v\000i\000s\000i\000o\000n\000\040\000E\000r\000r\000o\000r}{section.2}% 5
\BOOKMARK [1][-]{section.3}{\376\377\000T\000h\000e\000o\000r\000e\000t\000i\000c\000a\000l\000\040\000F\000r\000a\000m\000e\000w\000o\000r\000k}{}% 6
\BOOKMARK [2][-]{subsection.3.1}{\376\377\000U\000n\000c\000e\000r\000t\000a\000i\000n\000t\000y\000\040\000a\000s\000\040\000D\000i\000s\000o\000r\000d\000e\000r\000\040\000i\000n\000\040\000a\000\040\000F\000o\000r\000e\000c\000a\000s\000t\000i\000n\000g\000\040\000S\000y\000s\000t\000e\000m}{section.3}% 7
\BOOKMARK [2][-]{subsection.3.2}{\376\377\000T\000h\000e\000\040\000F\000o\000r\000e\000c\000a\000s\000t\000i\000n\000g\000\040\000S\000y\000s\000t\000e\000m\000\040\000a\000s\000\040\000a\000\040\000P\000r\000o\000b\000a\000b\000i\000l\000i\000s\000t\000i\000c\000\040\000E\000n\000s\000e\000m\000b\000l\000e}{section.3}% 8
\BOOKMARK [2][-]{subsection.3.3}{\376\377\000T\000h\000e\000\040\000E\000n\000t\000r\000o\000p\000y\000\040\000D\000e\000c\000o\000m\000p\000o\000s\000i\000t\000i\000o\000n}{section.3}% 9
\BOOKMARK [2][-]{subsection.3.4}{\376\377\000T\000e\000m\000p\000o\000r\000a\000l\000\040\000I\000n\000s\000t\000a\000b\000i\000l\000i\000t\000y\000\040\000a\000s\000\040\000E\000n\000t\000r\000o\000p\000i\000c\000\040\000D\000y\000n\000a\000m\000i\000c\000s}{section.3}% 10
\BOOKMARK [2][-]{subsection.3.5}{\376\377\000G\000a\000u\000s\000s\000i\000a\000n\000\040\000A\000p\000p\000r\000o\000x\000i\000m\000a\000t\000i\000o\000n\000\040\000a\000n\000d\000\040\000O\000p\000e\000r\000a\000t\000i\000o\000n\000a\000l\000\040\000M\000e\000a\000s\000u\000r\000e\000s}{section.3}% 11
\BOOKMARK [2][-]{subsection.3.6}{\376\377\000E\000c\000o\000n\000o\000m\000i\000c\000\040\000I\000n\000t\000e\000r\000p\000r\000e\000t\000a\000t\000i\000o\000n}{section.3}% 12
\BOOKMARK [1][-]{section.4}{\376\377\000D\000a\000t\000a\000\040\000a\000n\000d\000\040\000I\000m\000p\000l\000e\000m\000e\000n\000t\000a\000t\000i\000o\000n}{}% 13
\BOOKMARK [2][-]{subsection.4.1}{\376\377\000C\000N\000T\000R\000\040\000V\000i\000n\000t\000a\000g\000e\000\040\000D\000a\000t\000a\000s\000e\000t}{section.4}% 14
\BOOKMARK [2][-]{subsection.4.2}{\376\377\000D\000a\000t\000a\000\040\000S\000o\000u\000r\000c\000e\000s\000\040\000a\000n\000d\000\040\000S\000a\000m\000p\000l\000e}{section.4}% 15
\BOOKMARK [2][-]{subsection.4.3}{\376\377\000M\000o\000d\000e\000l\000\040\000S\000p\000e\000c\000i\000f\000i\000c\000a\000t\000i\000o\000n\000s}{section.4}% 16
\BOOKMARK [3][-]{subsubsection.4.3.1}{\376\377\000V\000e\000c\000t\000o\000r\000\040\000A\000u\000t\000o\000r\000e\000g\000r\000e\000s\000s\000i\000o\000n\000\040\000\050\000V\000A\000R\000\051}{subsection.4.3}% 17
\BOOKMARK [3][-]{subsubsection.4.3.2}{\376\377\000R\000a\000n\000d\000o\000m\000\040\000F\000o\000r\000e\000s\000t}{subsection.4.3}% 18
\BOOKMARK [3][-]{subsubsection.4.3.3}{\376\377\000A\000R\000I\000M\000A}{subsection.4.3}% 19
\BOOKMARK [3][-]{subsubsection.4.3.4}{\376\377\000L\000o\000n\000g\000\040\000S\000h\000o\000r\000t\000-\000T\000e\000r\000m\000\040\000M\000e\000m\000o\000r\000y\000\040\000\050\000L\000S\000T\000M\000\051}{subsection.4.3}% 20
\BOOKMARK [3][-]{subsubsection.4.3.5}{\376\377\000D\000y\000n\000a\000m\000i\000c\000\040\000F\000a\000c\000t\000o\000r\000\040\000M\000o\000d\000e\000l\000\040\000\050\000D\000F\000M\000\051}{subsection.4.3}% 21
\BOOKMARK [2][-]{subsection.4.4}{\376\377\000R\000o\000l\000l\000i\000n\000g\000\040\000E\000v\000a\000l\000u\000a\000t\000i\000o\000n\000\040\000P\000r\000o\000t\000o\000c\000o\000l}{section.4}% 22
\BOOKMARK [2][-]{subsection.4.5}{\376\377\000E\000n\000s\000e\000m\000b\000l\000e\000\040\000D\000e\000s\000c\000r\000i\000p\000t\000i\000v\000e\000\040\000S\000t\000a\000t\000i\000s\000t\000i\000c\000s}{section.4}% 23
\BOOKMARK [2][-]{subsection.4.6}{\376\377\000I\000m\000p\000l\000e\000m\000e\000n\000t\000a\000t\000i\000o\000n\000\040\000D\000e\000t\000a\000i\000l\000s}{section.4}% 24
\BOOKMARK [2][-]{subsection.4.7}{\376\377\000I\000m\000p\000l\000e\000m\000e\000n\000t\000a\000t\000i\000o\000n\000\040\000D\000e\000t\000a\000i\000l\000s}{section.4}% 25
\BOOKMARK [1][-]{section.5}{\376\377\000E\000m\000p\000i\000r\000i\000c\000a\000l\000\040\000R\000e\000s\000u\000l\000t\000s}{}% 26
\BOOKMARK [2][-]{subsection.5.1}{\376\377\000R\000e\000p\000l\000i\000c\000a\000t\000i\000o\000n\000\040\000a\000n\000d\000\040\000E\000x\000t\000e\000n\000s\000i\000o\000n\000\040\000o\000f\000\040\000P\000a\000v\000\355\000a\000\040\000e\000t\000\040\000a\000l\000.\000\040\000\050\0002\0000\0001\0007\000\051}{section.5}% 27
\BOOKMARK [2][-]{subsection.5.2}{\376\377\000F\000r\000a\000m\000e\000w\000o\000r\000k\000\040\000O\000v\000e\000r\000v\000i\000e\000w}{section.5}% 28
\BOOKMARK [2][-]{subsection.5.3}{\376\377\000M\000o\000d\000e\000l\000\040\000P\000e\000r\000f\000o\000r\000m\000a\000n\000c\000e\000\040\000a\000n\000d\000\040\000R\000e\000s\000i\000l\000i\000e\000n\000c\000e\000\040\000A\000n\000a\000l\000y\000s\000i\000s}{section.5}% 29
\BOOKMARK [2][-]{subsection.5.4}{\376\377\000D\000i\000m\000e\000n\000s\000i\000o\000n\000a\000l\000\040\000A\000n\000a\000l\000y\000s\000i\000s\000\040\000a\000n\000d\000\040\000C\000o\000r\000r\000e\000l\000a\000t\000i\000o\000n\000s}{section.5}% 30
\BOOKMARK [3][-]{subsubsection.5.4.1}{\376\377\000W\000i\000t\000h\000i\000n\000-\000M\000o\000d\000e\000l\000\040\000U\000n\000c\000e\000r\000t\000a\000i\000n\000t\000y}{subsection.5.4}% 31
\BOOKMARK [3][-]{subsubsection.5.4.2}{\376\377\000B\000e\000t\000w\000e\000e\000n\000-\000M\000o\000d\000e\000l\000\040\000D\000i\000s\000p\000e\000r\000s\000i\000o\000n}{subsection.5.4}% 32
\BOOKMARK [3][-]{subsubsection.5.4.3}{\376\377\000T\000e\000m\000p\000o\000r\000a\000l\000\040\000I\000n\000s\000t\000a\000b\000i\000l\000i\000t\000y}{subsection.5.4}% 33
\BOOKMARK [3][-]{subsubsection.5.4.4}{\376\377\000D\000i\000m\000e\000n\000s\000i\000o\000n\000a\000l\000\040\000C\000o\000r\000r\000e\000l\000a\000t\000i\000o\000n\000s}{subsection.5.4}% 34
\BOOKMARK [2][-]{subsection.5.5}{\376\377\000C\000o\000m\000p\000a\000r\000a\000t\000i\000v\000e\000\040\000A\000n\000a\000l\000y\000s\000i\000s}{section.5}% 35
\BOOKMARK [2][-]{subsection.5.6}{\376\377\000E\000n\000t\000r\000o\000p\000y\000\040\000a\000s\000\040\000a\000\040\000P\000r\000e\000d\000i\000c\000t\000o\000r\000\040\000o\000f\000\040\000O\000f\000f\000i\000c\000i\000a\000l\000\040\000R\000e\000v\000i\000s\000i\000o\000n\000\040\000E\000r\000r\000o\000r\000s}{section.5}% 36
\BOOKMARK [1][-]{section.6}{\376\377\000R\000o\000b\000u\000s\000t\000n\000e\000s\000s\000\040\000a\000n\000d\000\040\000S\000e\000n\000s\000i\000t\000i\000v\000i\000t\000y\000\040\000A\000n\000a\000l\000y\000s\000i\000s}{}% 37
\BOOKMARK [2][-]{subsection.6.1}{\376\377\000I\000n\000v\000a\000r\000i\000a\000n\000c\000e\000\040\000t\000o\000\040\000S\000c\000a\000l\000e\000\040\000a\000n\000d\000\040\000N\000o\000r\000m\000a\000l\000i\000z\000a\000t\000i\000o\000n}{section.6}% 38
\BOOKMARK [2][-]{subsection.6.2}{\376\377\000R\000o\000b\000u\000s\000t\000n\000e\000s\000s\000\040\000t\000o\000\040\000E\000x\000t\000r\000e\000m\000e\000\040\000O\000b\000s\000e\000r\000v\000a\000t\000i\000o\000n\000s\000:\000\040\000E\000x\000-\000C\000O\000V\000I\000D\000\040\000A\000n\000a\000l\000y\000s\000i\000s}{section.6}% 39
\BOOKMARK [2][-]{subsection.6.3}{\376\377\000C\000o\000m\000p\000a\000r\000a\000t\000i\000v\000e\000\040\000B\000e\000n\000c\000h\000m\000a\000r\000k\000i\000n\000g\000:\000\040\000H\000o\000r\000s\000e\000-\000r\000a\000c\000e\000\040\000v\000s\000.\000\040\000V\000I\000X\000\040\000a\000n\000d\000\040\000E\000P\000U}{section.6}% 40
\BOOKMARK [2][-]{subsection.6.4}{\376\377\000L\000i\000m\000i\000t\000a\000t\000i\000o\000n\000s}{section.6}% 41
\BOOKMARK [1][-]{section.7}{\376\377\000R\000o\000b\000u\000s\000t\000n\000e\000s\000s\000\040\000A\000n\000a\000l\000y\000s\000i\000s}{}% 42
\BOOKMARK [2][-]{subsection.7.1}{\376\377\000A\000l\000t\000e\000r\000n\000a\000t\000i\000v\000e\000\040\000W\000e\000i\000g\000h\000t\000i\000n\000g\000\040\000S\000c\000h\000e\000m\000e\000s}{section.7}% 43
\BOOKMARK [2][-]{subsection.7.2}{\376\377\000L\000e\000a\000v\000e\000-\000O\000n\000e\000-\000M\000o\000d\000e\000l\000-\000O\000u\000t\000\040\000A\000n\000a\000l\000y\000s\000i\000s}{section.7}% 44
\BOOKMARK [2][-]{subsection.7.3}{\376\377\000N\000o\000r\000m\000a\000l\000i\000z\000a\000t\000i\000o\000n\000\040\000S\000e\000n\000s\000i\000t\000i\000v\000i\000t\000y}{section.7}% 45
\BOOKMARK [2][-]{subsection.7.4}{\376\377\000T\000h\000r\000e\000s\000h\000o\000l\000d\000\040\000S\000t\000a\000b\000i\000l\000i\000t\000y}{section.7}% 46
\BOOKMARK [1][-]{section.8}{\376\377\000P\000o\000l\000i\000c\000y\000\040\000I\000m\000p\000l\000i\000c\000a\000t\000i\000o\000n\000s\000\040\000a\000n\000d\000\040\000A\000p\000p\000l\000i\000c\000a\000t\000i\000o\000n\000s}{}% 47
\BOOKMARK [2][-]{subsection.8.1}{\376\377\000A\000c\000t\000i\000o\000n\000a\000b\000l\000e\000\040\000G\000u\000i\000d\000a\000n\000c\000e\000\040\000f\000o\000r\000\040\000P\000o\000l\000i\000c\000y\000m\000a\000k\000e\000r\000s\000:\000\040\000T\000h\000e\000\040\000'\000S\000t\000o\000p\000-\000a\000n\000d\000-\000W\000a\000i\000t\000'\000\040\000S\000i\000g\000n\000a\000l}{section.8}% 48
\BOOKMARK [2][-]{subsection.8.2}{\376\377\000O\000p\000e\000r\000a\000t\000i\000o\000n\000a\000l\000\040\000G\000u\000i\000d\000a\000n\000c\000e\000\040\000b\000y\000\040\000D\000i\000m\000e\000n\000s\000i\000o\000n}{section.8}% 49
\BOOKMARK [2][-]{subsection.8.3}{\376\377\000I\000n\000s\000t\000i\000t\000u\000t\000i\000o\000n\000a\000l\000\040\000R\000e\000s\000i\000l\000i\000e\000n\000c\000e\000\040\000a\000n\000d\000\040\000M\000o\000d\000e\000l\000\040\000A\000u\000d\000i\000t\000i\000n\000g}{section.8}% 50
\BOOKMARK [1][-]{section.9}{\376\377\000C\000o\000n\000c\000l\000u\000s\000i\000o\000n}{}% 51
\BOOKMARK [1][-]{appendix.A}{\376\377\000I\000n\000f\000l\000u\000e\000n\000c\000e\000\040\000D\000i\000a\000g\000n\000o\000s\000t\000i\000c\000s\000\040\000a\000n\000d\000\040\000T\000e\000c\000h\000n\000i\000c\000a\000l\000\040\000S\000u\000p\000p\000o\000r\000t}{}% 52
\BOOKMARK [1][-]{appendix.B}{\376\377\000R\000o\000b\000u\000s\000t\000n\000e\000s\000s\000\040\000t\000o\000\040\000M\000o\000d\000e\000l\000\040\000P\000a\000r\000s\000i\000m\000o\000n\000y\000:\000\040\000V\000A\000R\000\050\0002\000\051\000\040\000S\000p\000e\000c\000i\000f\000i\000c\000a\000t\000i\000o\000n}{}% 53
\BOOKMARK [1][-]{appendix.C}{\376\377\000C\000o\000n\000t\000r\000o\000l\000\040\000f\000o\000r\000\040\000V\000i\000n\000t\000a\000g\000e\000\040\000M\000a\000t\000u\000r\000i\000t\000y\000\040\000B\000i\000a\000s}{}% 54
\BOOKMARK [1][-]{appendix.D}{\376\377\000C\000o\000r\000r\000e\000l\000a\000t\000i\000o\000n\000\040\000M\000a\000t\000r\000i\000x\000:\000\040\000C\000E\000U\000I\000\040\000a\000n\000d\000\040\000E\000x\000t\000e\000r\000n\000a\000l\000\040\000B\000e\000n\000c\000h\000m\000a\000r\000k\000s}{}% 55
