\BOOKMARK [1][-]{section.1}{\376\377\000I\000n\000t\000r\000o\000d\000u\000c\000c\000i\000\363\000n}{}% 1
\BOOKMARK [1][-]{section.2}{\376\377\000R\000e\000v\000i\000s\000i\000\363\000n\000\040\000d\000e\000\040\000L\000i\000t\000e\000r\000a\000t\000u\000r\000a\000\040\000y\000\040\000M\000a\000r\000c\000o\000\040\000T\000e\000\363\000r\000i\000c\000o}{}% 2
\BOOKMARK [2][-]{subsection.2.1}{\376\377\000L\000i\000t\000e\000r\000a\000t\000u\000r\000a\000\040\000s\000o\000b\000r\000e\000\040\000R\000e\000v\000i\000s\000i\000o\000n\000e\000s\000\040\000d\000e\000\040\000C\000u\000e\000n\000t\000a\000s\000\040\000N\000a\000c\000i\000o\000n\000a\000l\000e\000s}{section.2}% 3
\BOOKMARK [2][-]{subsection.2.2}{\376\377\000E\000v\000i\000d\000e\000n\000c\000i\000a\000\040\000I\000n\000t\000e\000r\000n\000a\000c\000i\000o\000n\000a\000l\000\040\000C\000o\000m\000p\000a\000r\000a\000d\000a}{section.2}% 4
\BOOKMARK [2][-]{subsection.2.3}{\376\377\000E\000v\000i\000d\000e\000n\000c\000i\000a\000\040\000I\000n\000t\000e\000r\000n\000a\000c\000i\000o\000n\000a\000l\000\040\000d\000e\000\040\000P\000a\000t\000r\000o\000n\000e\000s\000\040\000d\000e\000\040\000R\000e\000v\000i\000s\000i\000\363\000n}{section.2}% 5
\BOOKMARK [2][-]{subsection.2.4}{\376\377\000I\000n\000n\000o\000v\000a\000c\000i\000o\000n\000e\000s\000\040\000M\000e\000t\000o\000d\000o\000l\000\363\000g\000i\000c\000a\000s\000\040\000P\000o\000s\000t\000-\0002\0000\0001\0007}{section.2}% 6
\BOOKMARK [2][-]{subsection.2.5}{\376\377\000P\000a\000t\000r\000o\000n\000e\000s\000\040\000E\000s\000t\000a\000c\000i\000o\000n\000a\000l\000e\000s\000\040\000e\000n\000\040\000E\000r\000r\000o\000r\000e\000s\000\040\000d\000e\000\040\000R\000e\000v\000i\000s\000i\000\363\000n}{section.2}% 7
\BOOKMARK [2][-]{subsection.2.6}{\376\377\000C\000r\000i\000s\000i\000s\000\040\000E\000c\000o\000n\000\363\000m\000i\000c\000a\000s\000\040\000y\000\040\000D\000e\000g\000r\000a\000d\000a\000c\000i\000\363\000n\000\040\000d\000e\000\040\000l\000a\000\040\000C\000a\000l\000i\000d\000a\000d\000\040\000E\000s\000t\000a\000d\000\355\000s\000t\000i\000c\000a}{section.2}% 8
\BOOKMARK [2][-]{subsection.2.7}{\376\377\000L\000i\000t\000e\000r\000a\000t\000u\000r\000a\000\040\000s\000o\000b\000r\000e\000\040\000C\000r\000i\000s\000i\000s\000\040\000E\000c\000o\000n\000\363\000m\000i\000c\000a\000s\000\040\000y\000\040\000C\000a\000l\000i\000d\000a\000d\000\040\000E\000s\000t\000a\000d\000\355\000s\000t\000i\000c\000a}{section.2}% 9
\BOOKMARK [3][-]{subsubsection.2.7.1}{\376\377\000L\000a\000\040\000M\000a\000c\000r\000o\000e\000c\000o\000n\000o\000m\000\355\000a\000\040\000d\000e\000\040\000l\000a\000\040\000I\000n\000c\000e\000r\000t\000i\000d\000u\000m\000b\000r\000e\000\040\000y\000\040\000l\000a\000\040\000M\000i\000c\000r\000o\000e\000s\000t\000r\000u\000c\000t\000u\000r\000a\000\040\000d\000e\000\040\000l\000a\000s\000\040\000R\000e\000v\000i\000s\000i\000o\000n\000e\000s\000\040\000d\000e\000\040\000D\000a\000t\000o\000s}{subsection.2.7}% 10
\BOOKMARK [3][-]{subsubsection.2.7.2}{\376\377\000E\000l\000\040\000D\000e\000s\000a\000f\000\355\000o\000\040\000F\000u\000n\000d\000a\000m\000e\000n\000t\000a\000l\000:\000\040\000L\000a\000\040\000N\000a\000t\000u\000r\000a\000l\000e\000z\000a\000\040\000`\000`\000M\000a\000l\000\040\000C\000o\000m\000p\000o\000r\000t\000a\000d\000a\000'\000'\000\040\000d\000e\000\040\000l\000o\000s\000\040\000D\000a\000t\000o\000s\000\040\000E\000c\000o\000n\000\363\000m\000i\000c\000o\000s}{subsection.2.7}% 11
\BOOKMARK [3][-]{subsubsection.2.7.3}{\376\377\000L\000a\000\040\000R\000e\000s\000p\000u\000e\000s\000t\000a\000\040\000A\000n\000a\000l\000\355\000t\000i\000c\000a\000:\000\040\000E\000l\000\040\000I\000m\000p\000e\000r\000a\000t\000i\000v\000o\000\040\000d\000e\000l\000\040\000A\000n\000\341\000l\000i\000s\000i\000s\000\040\000d\000e\000\040\000D\000a\000t\000o\000s\000\040\000e\000n\000\040\000T\000i\000e\000m\000p\000o\000\040\000R\000e\000a\000l}{subsection.2.7}% 12
\BOOKMARK [3][-]{subsubsection.2.7.4}{\376\377\000L\000a\000\040\000I\000n\000c\000e\000r\000t\000i\000d\000u\000m\000b\000r\000e\000\040\000c\000o\000m\000o\000\040\000S\000h\000o\000c\000k\000\040\000M\000a\000c\000r\000o\000e\000c\000o\000n\000\363\000m\000i\000c\000o\000:\000\040\000E\000l\000\040\000C\000a\000n\000a\000l\000\040\000d\000e\000\040\000l\000a\000s\000\040\000O\000p\000c\000i\000o\000n\000e\000s\000\040\000R\000e\000a\000l\000e\000s}{subsection.2.7}% 13
\BOOKMARK [3][-]{subsubsection.2.7.5}{\376\377\000L\000a\000\040\000C\000u\000a\000n\000t\000i\000f\000i\000c\000a\000c\000i\000\363\000n\000\040\000d\000e\000\040\000l\000a\000\040\000I\000n\000c\000e\000r\000t\000i\000d\000u\000m\000b\000r\000e\000\040\000y\000\040\000s\000u\000\040\000I\000m\000p\000a\000c\000t\000o\000\040\000E\000c\000o\000n\000\363\000m\000i\000c\000o}{subsection.2.7}% 14
\BOOKMARK [3][-]{subsubsection.2.7.6}{\376\377\000S\000\355\000n\000t\000e\000s\000i\000s\000\040\000e\000\040\000I\000n\000t\000e\000g\000r\000a\000c\000i\000\363\000n\000:\000\040\000C\000o\000n\000e\000c\000t\000a\000n\000d\000o\000\040\000l\000o\000s\000\040\000P\000u\000n\000t\000o\000s}{subsection.2.7}% 15
\BOOKMARK [1][-]{section.3}{\376\377\000M\000e\000t\000o\000d\000o\000l\000o\000g\000\355\000a}{}% 16
\BOOKMARK [2][-]{subsection.3.1}{\376\377\000R\000e\000p\000l\000i\000c\000a\000c\000i\000\363\000n\000\040\000E\000x\000a\000c\000t\000a\000\040\000d\000e\000l\000\040\000M\000a\000r\000c\000o\000\040\000d\000e\000\040\000P\000a\000v\000i\000a\000\040\000e\000t\000\040\000a\000l\000.\000\040\000\050\0002\0000\0001\0007\000\051}{section.3}% 17
\BOOKMARK [2][-]{subsection.3.2}{\376\377\000D\000e\000s\000c\000o\000m\000p\000o\000s\000i\000c\000i\000\363\000n\000\040\000N\000e\000w\000s\000\040\000v\000s\000.\000\040\000N\000o\000i\000s\000e}{section.3}% 18
\BOOKMARK [2][-]{subsection.3.3}{\376\377\000M\000a\000r\000c\000o\000\040\000C\000o\000n\000c\000e\000p\000t\000u\000a\000l\000\040\000d\000e\000\040\000V\000i\000n\000t\000a\000g\000e\000s\000\040\000y\000\040\000T\000a\000x\000o\000n\000o\000m\000\355\000a\000\040\000d\000e\000\040\000E\000s\000t\000i\000m\000a\000c\000i\000o\000n\000e\000s}{section.3}% 19
\BOOKMARK [2][-]{subsection.3.4}{\376\377\000M\000\351\000t\000r\000i\000c\000a\000s\000\040\000d\000e\000\040\000E\000v\000a\000l\000u\000a\000c\000i\000\363\000n\000\040\000d\000e\000\040\000E\000r\000r\000o\000r\000e\000s\000\040\000d\000e\000\040\000R\000e\000v\000i\000s\000i\000\363\000n}{section.3}% 20
\BOOKMARK [2][-]{subsection.3.5}{\376\377\000T\000r\000a\000n\000s\000f\000o\000r\000m\000a\000c\000i\000\363\000n\000\040\000d\000e\000\040\000D\000a\000t\000o\000s\000\040\000y\000\040\000T\000r\000a\000t\000a\000m\000i\000e\000n\000t\000o\000\040\000d\000e\000\040\000S\000e\000r\000i\000e\000s\000\040\000T\000e\000m\000p\000o\000r\000a\000l\000e\000s}{section.3}% 21
\BOOKMARK [2][-]{subsection.3.6}{\376\377\000E\000x\000t\000e\000n\000s\000i\000o\000n\000e\000s\000\040\000M\000e\000t\000o\000d\000o\000l\000\363\000g\000i\000c\000a\000s\000\040\000e\000\040\000I\000n\000n\000o\000v\000a\000c\000i\000o\000n\000e\000s}{section.3}% 22
\BOOKMARK [2][-]{subsection.3.7}{\376\377\000A\000n\000\341\000l\000i\000s\000i\000s\000\040\000S\000e\000c\000t\000o\000r\000i\000a\000l\000\040\000y\000\040\000D\000i\000m\000e\000n\000s\000i\000o\000n\000a\000l}{section.3}% 23
\BOOKMARK [1][-]{section.4}{\376\377\000R\000e\000s\000u\000l\000t\000a\000d\000o\000s\000\040\000d\000e\000\040\000l\000a\000\040\000R\000e\000p\000l\000i\000c\000a\000c\000i\000\363\000n}{}% 24
\BOOKMARK [2][-]{subsection.4.1}{\376\377\000V\000a\000l\000i\000d\000a\000c\000i\000\363\000n\000\040\000d\000e\000\040\000R\000e\000s\000u\000l\000t\000a\000d\000o\000s\000\040\000O\000r\000i\000g\000i\000n\000a\000l\000e\000s}{section.4}% 25
\BOOKMARK [2][-]{subsection.4.2}{\376\377\000A\000n\000\341\000l\000i\000s\000i\000s\000\040\000p\000o\000r\000\040\000T\000r\000i\000m\000e\000s\000t\000r\000e\000s\000\040\000-\000\040\000P\000e\000r\000\355\000o\000d\000o\000\040\000E\000x\000t\000e\000n\000d\000i\000d\000o}{section.4}% 26
\BOOKMARK [1][-]{section.5}{\376\377\000E\000x\000t\000e\000n\000s\000i\000\363\000n\000\040\000d\000e\000l\000\040\000A\000n\000\341\000l\000i\000s\000i\000s\000:\000\040\000C\000r\000i\000s\000i\000s\000\040\000E\000c\000o\000n\000\363\000m\000i\000c\000a\000s}{}% 27
\BOOKMARK [2][-]{subsection.5.1}{\376\377\000A\000n\000\341\000l\000i\000s\000i\000s\000\040\000p\000o\000r\000\040\000P\000e\000r\000\355\000o\000d\000o\000s\000\040\000d\000e\000\040\000C\000r\000i\000s\000i\000s}{section.5}% 28
\BOOKMARK [2][-]{subsection.5.2}{\376\377\000I\000m\000p\000a\000c\000t\000o\000\040\000d\000e\000l\000\040\000C\000O\000V\000I\000D\000-\0001\0009}{section.5}% 29
\BOOKMARK [1][-]{section.6}{\376\377\000A\000n\000\341\000l\000i\000s\000i\000s\000\040\000V\000i\000s\000u\000a\000l\000\040\000y\000\040\000E\000v\000o\000l\000u\000c\000i\000\363\000n\000\040\000T\000e\000m\000p\000o\000r\000a\000l}{}% 30
\BOOKMARK [2][-]{subsection.6.1}{\376\377\000P\000a\000t\000r\000o\000n\000e\000s\000\040\000d\000e\000\040\000L\000a\000r\000g\000o\000\040\000P\000l\000a\000z\000o\000\040\000e\000n\000\040\000l\000o\000s\000\040\000E\000r\000r\000o\000r\000e\000s\000\040\000d\000e\000\040\000R\000e\000v\000i\000s\000i\000\363\000n}{section.6}% 31
\BOOKMARK [3][-]{subsubsection.6.1.1}{\376\377\000I\000d\000e\000n\000t\000i\000f\000i\000c\000a\000c\000i\000\363\000n\000\040\000V\000i\000s\000u\000a\000l\000\040\000d\000e\000\040\000R\000e\000g\000\355\000m\000e\000n\000e\000s\000\040\000E\000s\000t\000r\000u\000c\000t\000u\000r\000a\000l\000e\000s}{subsection.6.1}% 32
\BOOKMARK [3][-]{subsubsection.6.1.2}{\376\377\000A\000n\000\341\000l\000i\000s\000i\000s\000\040\000d\000e\000\040\000l\000a\000\040\000A\000m\000p\000l\000i\000t\000u\000d\000\040\000T\000e\000m\000p\000o\000r\000a\000l\000\040\000d\000e\000\040\000l\000o\000s\000\040\000S\000h\000o\000c\000k\000s}{subsection.6.1}% 33
\BOOKMARK [2][-]{subsection.6.2}{\376\377\000D\000i\000n\000\341\000m\000i\000c\000a\000s\000\040\000I\000n\000t\000r\000a\000n\000u\000a\000l\000e\000s\000\040\000y\000\040\000E\000f\000e\000c\000t\000o\000s\000\040\000E\000s\000t\000a\000c\000i\000o\000n\000a\000l\000e\000s}{section.6}% 34
\BOOKMARK [3][-]{subsubsection.6.2.1}{\376\377\000H\000e\000t\000e\000r\000o\000g\000e\000n\000e\000i\000d\000a\000d\000\040\000E\000s\000t\000a\000c\000i\000o\000n\000a\000l\000\040\000e\000n\000\040\000l\000a\000\040\000M\000a\000g\000n\000i\000t\000u\000d\000\040\000d\000e\000\040\000E\000r\000r\000o\000r\000e\000s}{subsection.6.2}% 35
\BOOKMARK [3][-]{subsubsection.6.2.2}{\376\377\000I\000n\000t\000e\000r\000a\000c\000c\000i\000o\000n\000e\000s\000\040\000C\000r\000i\000s\000i\000s\000-\000E\000s\000t\000a\000c\000i\000o\000n\000a\000l\000i\000d\000a\000d}{subsection.6.2}% 36
\BOOKMARK [2][-]{subsection.6.3}{\376\377\000A\000n\000\341\000l\000i\000s\000i\000s\000\040\000E\000s\000p\000e\000c\000\355\000f\000i\000c\000o\000\040\000d\000e\000l\000\040\000P\000e\000r\000\355\000o\000d\000o\000\040\000C\000O\000V\000I\000D\000-\0001\0009}{section.6}% 37
\BOOKMARK [3][-]{subsubsection.6.3.1}{\376\377\000A\000n\000a\000t\000o\000m\000\355\000a\000\040\000d\000e\000\040\000l\000a\000\040\000R\000e\000v\000i\000s\000i\000\363\000n\000\040\0002\0000\0002\0000\000Q\0001}{subsection.6.3}% 38
\BOOKMARK [3][-]{subsubsection.6.3.2}{\376\377\000C\000o\000m\000p\000a\000r\000a\000c\000i\000\363\000n\000\040\000c\000o\000n\000\040\000C\000r\000i\000s\000i\000s\000\040\000A\000n\000t\000e\000r\000i\000o\000r\000e\000s}{subsection.6.3}% 39
\BOOKMARK [2][-]{subsection.6.4}{\376\377\000A\000n\000\341\000l\000i\000s\000i\000s\000\040\000d\000e\000\040\000D\000i\000s\000t\000r\000i\000b\000u\000c\000i\000\363\000n\000\040\000y\000\040\000A\000s\000i\000m\000e\000t\000r\000\355\000a}{section.6}% 40
\BOOKMARK [3][-]{subsubsection.6.4.1}{\376\377\000E\000v\000o\000l\000u\000c\000i\000\363\000n\000\040\000d\000e\000\040\000l\000a\000\040\000D\000i\000s\000t\000r\000i\000b\000u\000c\000i\000\363\000n\000\040\000d\000e\000\040\000E\000r\000r\000o\000r\000e\000s}{subsection.6.4}% 41
\BOOKMARK [3][-]{subsubsection.6.4.2}{\376\377\000A\000n\000\341\000l\000i\000s\000i\000s\000\040\000d\000e\000\040\000A\000u\000t\000o\000c\000o\000r\000r\000e\000l\000a\000c\000i\000\363\000n\000\040\000V\000i\000s\000u\000a\000l}{subsection.6.4}% 42
\BOOKMARK [2][-]{subsection.6.5}{\376\377\000I\000m\000p\000l\000i\000c\000a\000c\000i\000o\000n\000e\000s\000\040\000p\000a\000r\000a\000\040\000e\000l\000\040\000D\000i\000s\000e\000\361\000o\000\040\000d\000e\000\040\000P\000o\000l\000\355\000t\000i\000c\000a\000s\000\040\000d\000e\000\040\000C\000o\000m\000u\000n\000i\000c\000a\000c\000i\000\363\000n}{section.6}% 43
\BOOKMARK [3][-]{subsubsection.6.5.1}{\376\377\000B\000a\000n\000d\000a\000s\000\040\000d\000e\000\040\000I\000n\000c\000e\000r\000t\000i\000d\000u\000m\000b\000r\000e\000\040\000D\000i\000n\000\341\000m\000i\000c\000a\000s}{subsection.6.5}% 44
\BOOKMARK [3][-]{subsubsection.6.5.2}{\376\377\000I\000n\000d\000i\000c\000a\000d\000o\000r\000e\000s\000\040\000V\000i\000s\000u\000a\000l\000e\000s\000\040\000d\000e\000\040\000C\000a\000l\000i\000d\000a\000d}{subsection.6.5}% 45
\BOOKMARK [2][-]{subsection.6.6}{\376\377\000S\000\355\000n\000t\000e\000s\000i\000s\000\040\000d\000e\000l\000\040\000A\000n\000\341\000l\000i\000s\000i\000s\000\040\000V\000i\000s\000u\000a\000l}{section.6}% 46
\BOOKMARK [1][-]{section.7}{\376\377\000D\000i\000s\000c\000u\000s\000i\000\363\000n\000\040\000e\000\040\000I\000m\000p\000l\000i\000c\000a\000c\000i\000o\000n\000e\000s}{}% 47
\BOOKMARK [2][-]{subsection.7.1}{\376\377\000V\000a\000l\000i\000d\000a\000c\000i\000\363\000n\000\040\000d\000e\000\040\000l\000a\000\040\000M\000e\000t\000o\000d\000o\000l\000o\000g\000\355\000a\000\040\000O\000r\000i\000g\000i\000n\000a\000l}{section.7}% 48
\BOOKMARK [2][-]{subsection.7.2}{\376\377\000N\000u\000e\000v\000o\000s\000\040\000I\000n\000s\000i\000g\000h\000t\000s\000\040\000s\000o\000b\000r\000e\000\040\000C\000r\000i\000s\000i\000s\000\040\000E\000c\000o\000n\000\363\000m\000i\000c\000a\000s}{section.7}% 49
\BOOKMARK [2][-]{subsection.7.3}{\376\377\000I\000m\000p\000l\000i\000c\000a\000c\000i\000o\000n\000e\000s\000\040\000p\000a\000r\000a\000\040\000M\000e\000r\000c\000a\000d\000o\000s\000\040\000F\000i\000n\000a\000n\000c\000i\000e\000r\000o\000s}{section.7}% 50
\BOOKMARK [2][-]{subsection.7.4}{\376\377\000I\000m\000p\000l\000i\000c\000a\000c\000i\000o\000n\000e\000s\000\040\000p\000a\000r\000a\000\040\000P\000o\000l\000\355\000t\000i\000c\000a\000\040\000E\000c\000o\000n\000\363\000m\000i\000c\000a}{section.7}% 51
\BOOKMARK [2][-]{subsection.7.5}{\376\377\000C\000o\000n\000t\000r\000i\000b\000u\000c\000i\000o\000n\000e\000s\000\040\000M\000e\000t\000o\000d\000o\000l\000\363\000g\000i\000c\000a\000s}{section.7}% 52
\BOOKMARK [1][-]{section.8}{\376\377\000R\000o\000b\000u\000s\000t\000e\000z\000\040\000y\000\040\000L\000i\000m\000i\000t\000a\000c\000i\000o\000n\000e\000s}{}% 53
\BOOKMARK [2][-]{subsection.8.1}{\376\377\000T\000e\000s\000t\000s\000\040\000d\000e\000\040\000R\000o\000b\000u\000s\000t\000e\000z}{section.8}% 54
\BOOKMARK [2][-]{subsection.8.2}{\376\377\000L\000i\000m\000i\000t\000a\000c\000i\000o\000n\000e\000s\000\040\000d\000e\000l\000\040\000E\000s\000t\000u\000d\000i\000o}{section.8}% 55
\BOOKMARK [1][-]{section.9}{\376\377\000C\000o\000n\000c\000l\000u\000s\000i\000o\000n\000e\000s}{}% 56
\BOOKMARK [2][-]{subsection.9.1}{\376\377\000D\000i\000r\000e\000c\000c\000i\000o\000n\000e\000s\000\040\000p\000a\000r\000a\000\040\000I\000n\000v\000e\000s\000t\000i\000g\000a\000c\000i\000\363\000n\000\040\000F\000u\000t\000u\000r\000a}{section.9}% 57
\BOOKMARK [2][-]{subsection.9.2}{\376\377\000I\000m\000p\000l\000i\000c\000a\000c\000i\000o\000n\000e\000s\000\040\000p\000a\000r\000a\000\040\000l\000a\000\040\000P\000r\000\341\000c\000t\000i\000c\000a\000\040\000E\000s\000t\000a\000d\000\355\000s\000t\000i\000c\000a}{section.9}% 58
\BOOKMARK [2][-]{subsection.9.3}{\376\377\000I\000m\000p\000l\000i\000c\000a\000c\000i\000o\000n\000e\000s\000\040\000p\000a\000r\000a\000\040\000P\000o\000l\000\355\000t\000i\000c\000a\000\040\000E\000c\000o\000n\000\363\000m\000i\000c\000a\000\040\000e\000n\000\040\000T\000i\000e\000m\000p\000o\000\040\000R\000e\000a\000l}{section.9}% 59
\BOOKMARK [2][-]{subsection.9.4}{\376\377\000C\000o\000n\000c\000l\000u\000s\000i\000o\000n\000e\000s\000\040\000F\000i\000n\000a\000l\000e\000s}{section.9}% 60
\BOOKMARK [1][-]{section.10}{\376\377\000R\000e\000p\000r\000o\000d\000u\000c\000i\000b\000i\000l\000i\000d\000a\000d\000\040\000y\000\040\000A\000c\000c\000e\000s\000o\000\040\000a\000\040\000D\000a\000t\000o\000s}{}% 61
\BOOKMARK [2][-]{subsection.10.1}{\376\377\000C\000\363\000d\000i\000g\000o\000\040\000y\000\040\000D\000a\000t\000o\000s}{section.10}% 62
\BOOKMARK [2][-]{subsection.10.2}{\376\377\000R\000e\000q\000u\000e\000r\000i\000m\000i\000e\000n\000t\000o\000s\000\040\000T\000\351\000c\000n\000i\000c\000o\000s}{section.10}% 63
\BOOKMARK [2][-]{subsection.10.3}{\376\377\000I\000n\000s\000t\000r\000u\000c\000c\000i\000o\000n\000e\000s\000\040\000d\000e\000\040\000R\000e\000p\000l\000i\000c\000a\000c\000i\000\363\000n}{section.10}% 64
